-- this tests the outcome of doing ALTER DEFAULT PRIVILEGES..
select defaclrole::regrole, defaclnamespace::regnamespace, defaclobjtype from pg_default_acl where defaclnamespace = 'public'::regnamespace::oid order by defaclrole::regrole, defaclobjtype;
   defaclrole   | defaclnamespace | defaclobjtype 
----------------+-----------------+---------------
 supabase_admin | public          | S
 supabase_admin | public          | f
 supabase_admin | public          | r
 postgres       | public          | S
 postgres       | public          | f
 postgres       | public          | r
(6 rows)

